ro\mta\library_project\People\AdminLog.class
ro\mta\library_project\MainJavaFX.class
ro\mta\library_project\People\Login.class
ro\mta\library_project\books\PhysicalBook.class
ro\mta\library_project\Controllers\LibrarianControllers\UILibrarianSearchBook.class
ro\mta\library_project\Controllers\AdminControllers\UICreateAccountController.class
ro\mta\library_project\People\Unregistered.class
ro\mta\library_project\books\Archive.class
ro\mta\library_project\HelperClasses\VisualizeAccountsHelperClass.class
ro\mta\library_project\HelperClasses\LoginLogoutHelperClass.class
ro\mta\library_project\Communication\Main.class
ro\mta\library_project\Models\ExtendedBook.class
ro\mta\library_project\Controllers\LibrarianControllers\SeeAccountDetailsController.class
ro\mta\library_project\DBController\LogsInfoUsers.class
ro\mta\library_project\DBController\IDTitleBook.class
ro\mta\library_project\Controllers\AdminControllers\UIVisualizeLoginLogoutLogsController.class
ro\mta\library_project\Controllers\AdminControllers\UIModifyAccountController.class
ro\mta\library_project\Models\UserModel.class
ro\mta\library_project\DBController\BookData.class
ro\mta\library_project\Controllers\LibrarianControllers\CreateUserAccountController.class
ro\mta\library_project\Controllers\SearchAutorControler.class
ro\mta\library_project\DBController\Main.class
ro\mta\library_project\People\User.class
ro\mta\library_project\DBController\NewsHelper.class
ro\mta\library_project\People\IPerson.class
ro\mta\library_project\Controllers\LibrarianControllers\DestroyBookController.class
ro\mta\library_project\Controllers\UILibrarianController.class
ro\mta\library_project\Communication\Client$1.class
ro\mta\library_project\DBController\BookDataUser1.class
module-info.class
ro\mta\library_project\Controllers\LibrarianControllers\ReturnBookController.class
ro\mta\library_project\RequestsModule\BorrowRequest.class
ro\mta\library_project\Controllers\AdminControllers\UIVisualizeActionLogsController$1.class
ro\mta\library_project\People\UserLog.class
ro\mta\library_project\People\Log.class
ro\mta\library_project\Controllers\LibrarianControllers\TopElectronicBooksController.class
ro\mta\library_project\People\DaoPeopleLogs.class
ro\mta\library_project\HelperClasses\ActionLogsHelperClass.class
ro\mta\library_project\Book\BookCrypt.class
ro\mta\library_project\Controllers\SearchTitleControler.class
ro\mta\library_project\DBController\BookLocation.class
ro\mta\library_project\Controllers\AdminControllers\UIVisualizeLoginLogoutLogsController$1.class
ro\mta\library_project\Controllers\UIGuestController.class
ro\mta\library_project\News\News.class
ro\mta\library_project\Controllers\LibrarianControllers\AddBookController.class
ro\mta\library_project\People\Librarian.class
ro\mta\library_project\Book\Book.class
ro\mta\library_project\Main.class
ro\mta\library_project\Communication\Client.class
ro\mta\library_project\DBController\TitlePagesBorrowed.class
ro\mta\library_project\Controllers\LibrarianControllers\BorrowBookController.class
ro\mta\library_project\Controllers\LibrarianControllers\SearchBookController.class
ro\mta\library_project\Controllers\LibrarianControllers\SeeShelvesSectionsController.class
ro\mta\library_project\Controllers\AdminControllers\UIVisualizeAccountsController.class
ro\mta\library_project\Controllers\BorrowBooksController.class
ro\mta\library_project\Controllers\SearchTipControler.class
ro\mta\library_project\Controllers\NewsController.class
ro\mta\library_project\People\UserDatabaseDependencies.class
ro\mta\library_project\Controllers\ViewElectronicBookController.class
ro\mta\library_project\DBController\TopTenBooks.class
ro\mta\library_project\Application.class
ro\mta\library_project\People\LibrarianLog.class
ro\mta\library_project\Encoder\Encoder.class
ro\mta\library_project\Controllers\UIUserAccountController.class
ro\mta\library_project\Encoder\Encrypt.class
ro\mta\library_project\Communication\MyDHKeyAgreement.class
ro\mta\library_project\Controllers\SearchCategorieControler.class
ro\mta\library_project\DBController\DBController.class
ro\mta\library_project\Controllers\LibrarianControllers\SeeBorrowedBooksController.class
ro\mta\library_project\Shelf_sections\Shelf.class
ro\mta\library_project\Controllers\AdminControllers\UIAdminController.class
ro\mta\library_project\Controllers\UILoginController.class
ro\mta\library_project\DBController\LibrarianData.class
ro\mta\library_project\People\Admin.class
ro\mta\library_project\Controllers\UIUserController.class
ro\mta\library_project\Controllers\LibrarianControllers\TopBorrowedBooksController.class
ro\mta\library_project\Controllers\LibrarianControllers\SeeInfoBooks.class
ro\mta\library_project\People\RegisteredUser.class
ro\mta\library_project\People\CreateSaltAndPassword.class
ro\mta\library_project\Book\ElectronicBook.class
ro\mta\library_project\Controllers\AdminControllers\UIVisualizeActionLogsController.class
ro\mta\library_project\Controllers\UserActivityController.class
ro\mta\library_project\Models\ActionsModel.class
