C:\Users\oltean.madalina\Desktop\Proiect IP\src\main\java\ro\mta\library_project\Book\ElectronicBook.java
C:\Users\oltean.madalina\Desktop\Proiect IP\src\main\java\ro\mta\library_project\Communication\Main.java
C:\Users\oltean.madalina\Desktop\Proiect IP\src\main\java\module-info.java
C:\Users\oltean.madalina\Desktop\Proiect IP\src\main\java\ro\mta\library_project\Controllers\LibrarianControllers\SeeAccountDetailsController.java
C:\Users\oltean.madalina\Desktop\Proiect IP\src\main\java\ro\mta\library_project\Controllers\ViewElectronicBookController.java
C:\Users\oltean.madalina\Desktop\Proiect IP\src\main\java\ro\mta\library_project\Controllers\SearchCategorieControler.java
C:\Users\oltean.madalina\Desktop\Proiect IP\src\main\java\ro\mta\library_project\People\Librarian.java
C:\Users\oltean.madalina\Desktop\Proiect IP\src\main\java\ro\mta\library_project\People\LibrarianLog.java
C:\Users\oltean.madalina\Desktop\Proiect IP\src\main\java\ro\mta\library_project\Models\ActionsModel.java
C:\Users\oltean.madalina\Desktop\Proiect IP\src\main\java\ro\mta\library_project\DBController\IDTitleBook.java
C:\Users\oltean.madalina\Desktop\Proiect IP\src\main\java\ro\mta\library_project\Models\UserModel.java
C:\Users\oltean.madalina\Desktop\Proiect IP\src\main\java\ro\mta\library_project\Controllers\LibrarianControllers\CreateUserAccountController.java
C:\Users\oltean.madalina\Desktop\Proiect IP\src\main\java\ro\mta\library_project\books\PhysicalBook.java
C:\Users\oltean.madalina\Desktop\Proiect IP\src\main\java\ro\mta\library_project\Controllers\AdminControllers\UIAdminController.java
C:\Users\oltean.madalina\Desktop\Proiect IP\src\main\java\ro\mta\library_project\Controllers\LibrarianControllers\SeeShelvesSectionsController.java
C:\Users\oltean.madalina\Desktop\Proiect IP\src\main\java\ro\mta\library_project\Controllers\AdminControllers\UIVisualizeAccountsController.java
C:\Users\oltean.madalina\Desktop\Proiect IP\src\main\java\ro\mta\library_project\Models\ExtendedBook.java
C:\Users\oltean.madalina\Desktop\Proiect IP\src\main\java\ro\mta\library_project\DBController\LibrarianData.java
C:\Users\oltean.madalina\Desktop\Proiect IP\src\main\java\ro\mta\library_project\Controllers\LibrarianControllers\TopElectronicBooksController.java
C:\Users\oltean.madalina\Desktop\Proiect IP\src\main\java\ro\mta\library_project\HelperClasses\ActionLogsHelperClass.java
C:\Users\oltean.madalina\Desktop\Proiect IP\src\main\java\ro\mta\library_project\Controllers\SearchAutorControler.java
C:\Users\oltean.madalina\Desktop\Proiect IP\src\main\java\ro\mta\library_project\People\RegisteredUser.java
C:\Users\oltean.madalina\Desktop\Proiect IP\src\main\java\ro\mta\library_project\DBController\TitlePagesBorrowed.java
C:\Users\oltean.madalina\Desktop\Proiect IP\src\main\java\ro\mta\library_project\Main.java
C:\Users\oltean.madalina\Desktop\Proiect IP\src\main\java\ro\mta\library_project\Controllers\SearchTitleControler.java
C:\Users\oltean.madalina\Desktop\Proiect IP\src\main\java\ro\mta\library_project\RequestsModule\BorrowRequest.java
C:\Users\oltean.madalina\Desktop\Proiect IP\src\main\java\ro\mta\library_project\Controllers\LibrarianControllers\SeeBorrowedBooksController.java
C:\Users\oltean.madalina\Desktop\Proiect IP\src\main\java\ro\mta\library_project\Controllers\AdminControllers\UICreateAccountController.java
C:\Users\oltean.madalina\Desktop\Proiect IP\src\main\java\ro\mta\library_project\Controllers\LibrarianControllers\SearchBookController.java
C:\Users\oltean.madalina\Desktop\Proiect IP\src\main\java\ro\mta\library_project\People\IPerson.java
C:\Users\oltean.madalina\Desktop\Proiect IP\src\main\java\ro\mta\library_project\People\Unregistered.java
C:\Users\oltean.madalina\Desktop\Proiect IP\src\main\java\ro\mta\library_project\DBController\TopTenBooks.java
C:\Users\oltean.madalina\Desktop\Proiect IP\src\main\java\ro\mta\library_project\Shelf_sections\Shelf.java
C:\Users\oltean.madalina\Desktop\Proiect IP\src\main\java\ro\mta\library_project\DBController\LogsInfoUsers.java
C:\Users\oltean.madalina\Desktop\Proiect IP\src\main\java\ro\mta\library_project\books\Archive.java
C:\Users\oltean.madalina\Desktop\Proiect IP\src\main\java\ro\mta\library_project\Controllers\LibrarianControllers\BorrowBookController.java
C:\Users\oltean.madalina\Desktop\Proiect IP\src\main\java\ro\mta\library_project\Controllers\LibrarianControllers\AddBookController.java
C:\Users\oltean.madalina\Desktop\Proiect IP\src\main\java\ro\mta\library_project\HelperClasses\LoginLogoutHelperClass.java
C:\Users\oltean.madalina\Desktop\Proiect IP\src\main\java\ro\mta\library_project\DBController\BookLocation.java
C:\Users\oltean.madalina\Desktop\Proiect IP\src\main\java\ro\mta\library_project\Communication\Client.java
C:\Users\oltean.madalina\Desktop\Proiect IP\src\main\java\ro\mta\library_project\Controllers\AdminControllers\UIModifyAccountController.java
C:\Users\oltean.madalina\Desktop\Proiect IP\src\main\java\ro\mta\library_project\Controllers\UserActivityController.java
C:\Users\oltean.madalina\Desktop\Proiect IP\src\main\java\ro\mta\library_project\Controllers\LibrarianControllers\TopBorrowedBooksController.java
C:\Users\oltean.madalina\Desktop\Proiect IP\src\main\java\ro\mta\library_project\MainJavaFX.java
C:\Users\oltean.madalina\Desktop\Proiect IP\src\main\java\ro\mta\library_project\Controllers\AdminControllers\UIVisualizeLoginLogoutLogsController.java
C:\Users\oltean.madalina\Desktop\Proiect IP\src\main\java\ro\mta\library_project\Controllers\LibrarianControllers\SeeInfoBooks.java
C:\Users\oltean.madalina\Desktop\Proiect IP\src\main\java\ro\mta\library_project\People\UserLog.java
C:\Users\oltean.madalina\Desktop\Proiect IP\src\main\java\ro\mta\library_project\Controllers\LibrarianControllers\DestroyBookController.java
C:\Users\oltean.madalina\Desktop\Proiect IP\src\main\java\ro\mta\library_project\Controllers\LibrarianControllers\UILibrarianSearchBook.java
C:\Users\oltean.madalina\Desktop\Proiect IP\src\main\java\ro\mta\library_project\Controllers\AdminControllers\UIVisualizeActionLogsController.java
C:\Users\oltean.madalina\Desktop\Proiect IP\src\main\java\ro\mta\library_project\Book\Book.java
C:\Users\oltean.madalina\Desktop\Proiect IP\src\main\java\ro\mta\library_project\Communication\MyDHKeyAgreement.java
C:\Users\oltean.madalina\Desktop\Proiect IP\src\main\java\ro\mta\library_project\News\News.java
C:\Users\oltean.madalina\Desktop\Proiect IP\src\main\java\ro\mta\library_project\People\Log.java
C:\Users\oltean.madalina\Desktop\Proiect IP\src\main\java\ro\mta\library_project\Controllers\BorrowBooksController.java
C:\Users\oltean.madalina\Desktop\Proiect IP\src\main\java\ro\mta\library_project\Controllers\UIUserAccountController.java
C:\Users\oltean.madalina\Desktop\Proiect IP\src\main\java\ro\mta\library_project\Application.java
C:\Users\oltean.madalina\Desktop\Proiect IP\src\main\java\ro\mta\library_project\People\CreateSaltAndPassword.java
C:\Users\oltean.madalina\Desktop\Proiect IP\src\main\java\ro\mta\library_project\DBController\BookDataUser1.java
C:\Users\oltean.madalina\Desktop\Proiect IP\src\main\java\ro\mta\library_project\DBController\BookData.java
C:\Users\oltean.madalina\Desktop\Proiect IP\src\main\java\ro\mta\library_project\People\AdminLog.java
C:\Users\oltean.madalina\Desktop\Proiect IP\src\main\java\ro\mta\library_project\HelperClasses\VisualizeAccountsHelperClass.java
C:\Users\oltean.madalina\Desktop\Proiect IP\src\main\java\ro\mta\library_project\People\User.java
C:\Users\oltean.madalina\Desktop\Proiect IP\src\main\java\ro\mta\library_project\Encoder\Encoder.java
C:\Users\oltean.madalina\Desktop\Proiect IP\src\main\java\ro\mta\library_project\People\Login.java
C:\Users\oltean.madalina\Desktop\Proiect IP\src\main\java\ro\mta\library_project\Book\BookCrypt.java
C:\Users\oltean.madalina\Desktop\Proiect IP\src\main\java\ro\mta\library_project\Controllers\SearchTipControler.java
C:\Users\oltean.madalina\Desktop\Proiect IP\src\main\java\ro\mta\library_project\People\Admin.java
C:\Users\oltean.madalina\Desktop\Proiect IP\src\main\java\ro\mta\library_project\People\UserDatabaseDependencies.java
C:\Users\oltean.madalina\Desktop\Proiect IP\src\main\java\ro\mta\library_project\Controllers\UILoginController.java
C:\Users\oltean.madalina\Desktop\Proiect IP\src\main\java\ro\mta\library_project\People\DaoPeopleLogs.java
C:\Users\oltean.madalina\Desktop\Proiect IP\src\main\java\ro\mta\library_project\DBController\Main.java
C:\Users\oltean.madalina\Desktop\Proiect IP\src\main\java\ro\mta\library_project\DBController\DBController.java
C:\Users\oltean.madalina\Desktop\Proiect IP\src\main\java\ro\mta\library_project\Controllers\NewsController.java
C:\Users\oltean.madalina\Desktop\Proiect IP\src\main\java\ro\mta\library_project\Controllers\UIGuestController.java
C:\Users\oltean.madalina\Desktop\Proiect IP\src\main\java\ro\mta\library_project\Controllers\UILibrarianController.java
C:\Users\oltean.madalina\Desktop\Proiect IP\src\main\java\ro\mta\library_project\Controllers\LibrarianControllers\ReturnBookController.java
C:\Users\oltean.madalina\Desktop\Proiect IP\src\main\java\ro\mta\library_project\Controllers\UIUserController.java
C:\Users\oltean.madalina\Desktop\Proiect IP\src\main\java\ro\mta\library_project\DBController\NewsHelper.java
C:\Users\oltean.madalina\Desktop\Proiect IP\src\main\java\ro\mta\library_project\Encoder\Encrypt.java
